******************************************************************************
             TMS320C2000 Linker PC v6.2.0                      
******************************************************************************
>> Linked Wed Feb 27 13:40:01 2019

OUTPUT FILE NAME:   <DPT.out>
ENTRY POINT SYMBOL: "_c_int00"  address: 003f668b


MEMORY CONFIGURATION

         name            origin    length      used     unused   attr    fill
----------------------  --------  ---------  --------  --------  ----  --------
PAGE 0:
  RAML0                 00008000   00000800  00000000  00000800  RWIX
  RAML1                 00008800   00000400  00000000  00000400  RWIX
  OTP                   003d7800   00000400  00000000  00000400  RWIX
  FLASHH                003e8000   00002000  00000000  00002000  RWIX
  FLASHG                003ea000   00002000  00000000  00002000  RWIX
  FLASHF                003ec000   00002000  00000000  00002000  RWIX
  FLASHE                003ee000   00002000  00000000  00002000  RWIX
  FLASHD                003f0000   00002000  00000000  00002000  RWIX
  FLASHC                003f2000   00002000  00000000  00002000  RWIX
  FLASHA                003f6000   00001f80  000009ac  000015d4  RWIX
  CSM_RSVD              003f7f80   00000076  00000000  00000076  RWIX
  BEGIN                 003f7ff6   00000002  00000000  00000002  RWIX
  CSM_PWL_P0            003f7ff8   00000008  00000000  00000008  RWIX
  IQTABLES              003fe000   00000b50  00000000  00000b50  RWIX
  IQTABLES2             003feb50   0000008c  00000000  0000008c  RWIX
  IQTABLES3             003febdc   000000aa  00000000  000000aa  RWIX
  ROM                   003ff27c   00000d44  00000000  00000d44  RWIX
  RESET                 003fffc0   00000002  00000000  00000002  RWIX
  VECTORS               003fffc2   0000003e  00000000  0000003e  RWIX

PAGE 1:
  BOOT_RSVD             00000000   00000050  00000000  00000050  RWIX
  RAMM0                 00000050   000003b0  00000300  000000b0  RWIX
  RAMM1                 00000400   00000400  00000000  00000400  RWIX
  RAML2                 00008c00   00000400  0000032c  000000d4  RWIX
  RAML3                 00009000   00001000  00000000  00001000  RWIX
  FLASHB                003f4000   00002000  00000000  00002000  RWIX


SECTION ALLOCATION MAP

 output                                  attributes/
section   page    origin      length       input sections
--------  ----  ----------  ----------   ----------------
.pinit     0    003f6000    00000000     UNINITIALIZED

ramfuncs   0    00008000    00000000     UNINITIALIZED

.text      0    003f6000    00000792     
                  003f6000    00000486     DC_Motor.lib : model_DC.obj (.text)
                  003f6486    000000b0     main.obj (.text)
                  003f6536    00000083     rts2800_ml.lib : fs_div.obj (.text)
                  003f65b9    00000078                    : fs_add.obj (.text)
                  003f6631    0000005a                    : fs_mpy.obj (.text)
                  003f668b    00000044                    : boot.obj (.text)
                  003f66cf    0000001d                    : fs_tou.obj (.text)
                  003f66ec    0000001a                    : i_tofs.obj (.text)
                  003f6706    00000019                    : args_main.obj (.text)
                  003f671f    00000019                    : exit.obj (.text)
                  003f6738    00000019                    : prolog.obj (.text)
                  003f6751    00000017                    : fs_cmp.obj (.text)
                  003f6768    00000010                    : u_tofs.obj (.text)
                  003f6778    0000000c                    : epilog.obj (.text)
                  003f6784    00000009                    : _lock.obj (.text)
                  003f678d    00000005                    : fs_neg.obj (.text)

.cinit     0    003f6792    0000021a     
                  003f6792    000001cb     DC_Motor.lib : model_DC.obj (.cinit)
                  003f695d    00000039     main.obj (.cinit)
                  003f6996    0000000a     rts2800_ml.lib : _lock.obj (.cinit)
                  003f69a0    0000000a                    : exit.obj (.cinit)
                  003f69aa    00000002     --HOLE-- [fill = 0]

.reset     0    003fffc0    00000002     DSECT
                  003fffc0    00000002     rts2800_ml.lib : boot.obj (.reset)

vectors    0    003fffc2    00000000     DSECT

.stack     1    00000050    00000300     UNINITIALIZED
                  00000050    00000300     --HOLE--

.ebss      1    00008c00    0000032c     UNINITIALIZED
                  00008c00    000002fe     DC_Motor.lib : model_DC.obj (.ebss)
                  00008efe    00000002     --HOLE--
                  00008f00    00000024     main.obj (.ebss)
                  00008f24    00000004     rts2800_ml.lib : _lock.obj (.ebss)
                  00008f28    00000004                    : exit.obj (.ebss)


GLOBAL DATA SYMBOLS: SORTED BY DATA PAGE

address     data page           name
--------    ----------------    ----
00000050       1 (00000040)     __stack

00008c00     230 (00008c00)     _g_seed
00008c02     230 (00008c00)     _dcm_ls
00008c16     230 (00008c00)     _dcm_kkf
00008c2a     230 (00008c00)     _dcm_rs

00008c40     231 (00008c40)     _dcm_sk
00008c54     231 (00008c40)     _dcm_rr

00008c80     232 (00008c80)     _all_N

00008cc0     233 (00008cc0)     _all_qep

00008d40     235 (00008d40)     _all_R

00008dc0     237 (00008dc0)     _all_j

00008e40     239 (00008e40)     _motor

00008f00     23c (00008f00)     _Ia
00008f02     23c (00008f00)     _Ua
00008f04     23c (00008f00)     _speed
00008f06     23c (00008f00)     _IaRef
00008f08     23c (00008f00)     _Uex
00008f0a     23c (00008f00)     _Iex
00008f0c     23c (00008f00)     _drive
00008f24     23c (00008f00)     __unlock
00008f26     23c (00008f00)     __lock
00008f28     23c (00008f00)     ___TI_cleanup_ptr
00008f2a     23c (00008f00)     ___TI_dtors_ptr


GLOBAL SYMBOLS: SORTED ALPHABETICALLY BY Name 

address    name
--------   ----
003f6000   .text
003f671f   C$$EXIT
003f65be   FS$$ADD
003f6751   FS$$CMP
003f6536   FS$$DIV
003f6631   FS$$MPY
003f678d   FS$$NEG
003f65b9   FS$$SUB
003f66cf   FS$$TOU
003f66ec   I$$TOFS
003f6768   U$$TOFS
00008f00   _Ia
00008f06   _IaRef
00008f0a   _Iex
003f625f   _Model_Execute
003f6000   _Model_Init
00008000   _RamfuncsLoadEnd
00008000   _RamfuncsLoadStart
00008000   _RamfuncsRunStart
00008f02   _Ua
00008f08   _Uex
00000350   __STACK_END
00000300   __STACK_SIZE
00000001   __TI_args_main
00008f28   ___TI_cleanup_ptr
00008f2a   ___TI_dtors_ptr
ffffffff   ___binit__
ffffffff   ___c_args__
003f6792   ___cinit__
003f6792   ___etext__
ffffffff   ___pinit__
003f6000   ___text__
003f6706   __args_main
00008f26   __lock
003f678c   __nop
003f6788   __register_lock
003f6784   __register_unlock
00000050   __stack
00008f24   __unlock
003f671f   _abort
00008c80   _all_N
00008d40   _all_R
00008dc0   _all_j
00008cc0   _all_qep
003f668b   _c_int00
003f61bd   _calcU42Phase
00008c16   _dcm_kkf
00008c02   _dcm_ls
00008c54   _dcm_rr
00008c2a   _dcm_rs
00008c40   _dcm_sk
00008f0c   _drive
003f6778   _epilog_c28x_1
003f677c   _epilog_c28x_2
003f6721   _exit
00008c00   _g_seed
003f6495   _main
00008e40   _motor
003f6738   _prolog_c28x_1
003f673c   _prolog_c28x_2
003f6744   _prolog_c28x_3
003f6486   _relayReg
00008f04   _speed
ffffffff   binit
003f6792   cinit
003f6792   etext
ffffffff   pinit


GLOBAL SYMBOLS: SORTED BY Symbol Address 

address    name
--------   ----
00000001   __TI_args_main
00000050   __stack
00000300   __STACK_SIZE
00000350   __STACK_END
00008000   _RamfuncsLoadEnd
00008000   _RamfuncsLoadStart
00008000   _RamfuncsRunStart
00008c00   _g_seed
00008c02   _dcm_ls
00008c16   _dcm_kkf
00008c2a   _dcm_rs
00008c40   _dcm_sk
00008c54   _dcm_rr
00008c80   _all_N
00008cc0   _all_qep
00008d40   _all_R
00008dc0   _all_j
00008e40   _motor
00008f00   _Ia
00008f02   _Ua
00008f04   _speed
00008f06   _IaRef
00008f08   _Uex
00008f0a   _Iex
00008f0c   _drive
00008f24   __unlock
00008f26   __lock
00008f28   ___TI_cleanup_ptr
00008f2a   ___TI_dtors_ptr
003f6000   .text
003f6000   _Model_Init
003f6000   ___text__
003f61bd   _calcU42Phase
003f625f   _Model_Execute
003f6486   _relayReg
003f6495   _main
003f6536   FS$$DIV
003f65b9   FS$$SUB
003f65be   FS$$ADD
003f6631   FS$$MPY
003f668b   _c_int00
003f66cf   FS$$TOU
003f66ec   I$$TOFS
003f6706   __args_main
003f671f   C$$EXIT
003f671f   _abort
003f6721   _exit
003f6738   _prolog_c28x_1
003f673c   _prolog_c28x_2
003f6744   _prolog_c28x_3
003f6751   FS$$CMP
003f6768   U$$TOFS
003f6778   _epilog_c28x_1
003f677c   _epilog_c28x_2
003f6784   __register_unlock
003f6788   __register_lock
003f678c   __nop
003f678d   FS$$NEG
003f6792   ___cinit__
003f6792   ___etext__
003f6792   cinit
003f6792   etext
ffffffff   ___binit__
ffffffff   ___c_args__
ffffffff   ___pinit__
ffffffff   binit
ffffffff   pinit

[67 symbols]
