******************************************************************************
             TMS320C2000 Linker PC v6.2.0                      
******************************************************************************
>> Linked Sun Mar 13 19:55:35 2022

OUTPUT FILE NAME:   <ZolotovAD10.out>
ENTRY POINT SYMBOL: "_c_int00"  address: 003f68fb


MEMORY CONFIGURATION

         name            origin    length      used     unused   attr    fill
----------------------  --------  ---------  --------  --------  ----  --------
PAGE 0:
  RAML0                 00008000   00000800  00000021  000007df  RWIX
  RAML1                 00008800   00000400  00000000  00000400  RWIX
  OTP                   003d7800   00000400  00000000  00000400  RWIX
  FLASHH                003e8000   00002000  00000000  00002000  RWIX
  FLASHG                003ea000   00002000  00000000  00002000  RWIX
  FLASHF                003ec000   00002000  00000000  00002000  RWIX
  FLASHE                003ee000   00002000  00000000  00002000  RWIX
  FLASHD                003f0000   00002000  00000021  00001fdf  RWIX
  FLASHC                003f2000   00002000  00000000  00002000  RWIX
  FLASHA                003f6000   00001f80  00000d8a  000011f6  RWIX
  CSM_RSVD              003f7f80   00000076  00000076  00000000  RWIX
  BEGIN                 003f7ff6   00000002  00000002  00000000  RWIX
  CSM_PWL_P0            003f7ff8   00000008  00000008  00000000  RWIX
  IQTABLES              003fe000   00000b50  00000000  00000b50  RWIX
  IQTABLES2             003feb50   0000008c  00000000  0000008c  RWIX
  IQTABLES3             003febdc   000000aa  00000000  000000aa  RWIX
  ROM                   003ff27c   00000d44  00000000  00000d44  RWIX
  RESET                 003fffc0   00000002  00000000  00000002  RWIX
  VECTORS               003fffc2   0000003e  00000000  0000003e  RWIX

PAGE 1:
  BOOT_RSVD             00000000   00000050  00000000  00000050  RWIX
  RAMM0                 00000050   000003b0  00000300  000000b0  RWIX
  RAMM1                 00000400   00000400  00000000  00000400  RWIX
  DEV_EMU               00000880   00000105  00000004  00000101  RWIX
  SYS_PWR_CTL           00000985   00000003  00000003  00000000  RWIX
  FLASH_REGS            00000a80   00000060  00000008  00000058  RWIX
  CSM                   00000ae0   00000010  00000010  00000000  RWIX
  ADC_RESULT            00000b00   00000020  00000020  00000000  RWIX
  CPU_TIMER0            00000c00   00000008  00000008  00000000  RWIX
  CPU_TIMER1            00000c08   00000008  00000008  00000000  RWIX
  CPU_TIMER2            00000c10   00000008  00000008  00000000  RWIX
  PIE_CTRL              00000ce0   00000020  0000001a  00000006  RWIX
  PIE_VECT              00000d00   00000100  00000100  00000000  RWIX
  CLA1                  00001400   00000080  00000040  00000040  RWIX
  ECANA                 00006000   00000040  00000034  0000000c  RWIX
  ECANA_LAM             00006040   00000040  00000040  00000000  RWIX
  ECANA_MOTS            00006080   00000040  00000040  00000000  RWIX
  ECANA_MOTO            000060c0   00000040  00000040  00000000  RWIX
  ECANA_MBOX            00006100   00000100  00000100  00000000  RWIX
  COMP1                 00006400   00000020  00000014  0000000c  RWIX
  COMP2                 00006420   00000020  00000014  0000000c  RWIX
  COMP3                 00006440   00000020  00000014  0000000c  RWIX
  EPWM1                 00006800   00000040  00000040  00000000  RWIX
  EPWM2                 00006840   00000040  00000040  00000000  RWIX
  EPWM3                 00006880   00000040  00000040  00000000  RWIX
  EPWM4                 000068c0   00000040  00000040  00000000  RWIX
  EPWM5                 00006900   00000040  00000040  00000000  RWIX
  EPWM6                 00006940   00000040  00000040  00000000  RWIX
  EPWM7                 00006980   00000040  00000040  00000000  RWIX
  ECAP1                 00006a00   00000020  00000020  00000000  RWIX
  HRCAP1                00006ac0   00000020  00000020  00000000  RWIX
  HRCAP2                00006ae0   00000020  00000020  00000000  RWIX
  EQEP1                 00006b00   00000040  00000040  00000000  RWIX
  LINA                  00006c00   00000080  0000004a  00000036  RWIX
  GPIOCTRL              00006f80   00000040  00000040  00000000  RWIX
  GPIODAT               00006fc0   00000020  00000020  00000000  RWIX
  GPIOINT               00006fe0   00000020  0000000c  00000014  RWIX
  SYSTEM                00007010   00000020  00000020  00000000  RWIX
  SPIA                  00007040   00000010  00000010  00000000  RWIX
  SCIA                  00007050   00000010  00000010  00000000  RWIX
  NMIINTRUPT            00007060   00000010  00000010  00000000  RWIX
  XINTRUPT              00007070   00000010  00000010  00000000  RWIX
  ADC                   00007100   00000080  00000050  00000030  RWIX
  SPIB                  00007740   00000010  00000010  00000000  RWIX
  I2CA                  00007900   00000040  00000022  0000001e  RWIX
  RAML2                 00008c00   00000400  00000000  00000400  RWIX
  RAML3                 00009000   00001000  00000336  00000cca  RWIX
  PARTID                003d7e80   00000001  00000001  00000000  RWIX
  FLASHB                003f4000   00002000  00000000  00002000  RWIX
  CSM_PWL               003f7ff8   00000008  00000008  00000000  RWIX


SECTION ALLOCATION MAP

 output                                  attributes/
section   page    origin      length       input sections
--------  ----  ----------  ----------   ----------------
.pinit     0    003f6000    00000000     UNINITIALIZED

ramfuncs   0    003f0000    00000021     RUN ADDR = 00008000
                  003f0000    0000001d     DSP2803x_SysCtrl.obj (ramfuncs)
                  003f001d    00000004     DSP2803x_usDelay.obj (ramfuncs)

.text      0    003f6000    00000a90     
                  003f6000    00000444     DC_Motor.lib : model_DC.obj (.text)
                  003f6444    000001c7     DSP2803x_DefaultIsr.obj (.text:retain)
                  003f660b    00000142     DSP2803x_SysCtrl.obj (.text)
                  003f674d    00000083     rts2800_ml.lib : fs_div.obj (.text)
                  003f67d0    00000078                    : fs_add.obj (.text)
                  003f6848    0000005a                    : fs_mpy.obj (.text)
                  003f68a2    00000059     main.obj (.text)
                  003f68fb    00000044     rts2800_ml.lib : boot.obj (.text)
                  003f693f    00000029                    : fs_tol.obj (.text)
                  003f6968    00000028     DSP2803x_PieCtrl.obj (.text)
                  003f6990    00000023     main.obj (.text:retain)
                  003f69b3    00000021     rts2800_ml.lib : memcpy_ff.obj (.text)
                  003f69d4    0000001d                    : fs_tou.obj (.text)
                  003f69f1    0000001a                    : i_tofs.obj (.text)
                  003f6a0b    00000019                    : args_main.obj (.text)
                  003f6a24    00000019                    : exit.obj (.text)
                  003f6a3d    00000017                    : fs_cmp.obj (.text)
                  003f6a54    00000013     DSP2803x_Gpio.obj (.text)
                  003f6a67    00000011     DSP2803x_PieVect.obj (.text)
                  003f6a78    00000008     DSP2803x_CodeStartBranch.obj (.text)
                  003f6a80    00000007     DSP2803x_DisInt.obj (.text)
                  003f6a87    00000005     rts2800_ml.lib : fs_neg.obj (.text)
                  003f6a8c    00000003     DSP2803x_DBGIER.obj (.text)
                  003f6a8f    00000001     rts2800_ml.lib : _lock.obj (.text)

.cinit     0    003f6a90    000001fa     
                  003f6a90    000001d5     <whole-program> (.cinit)
                  003f6c65    00000019     main.obj (.cinit)
                  003f6c7e    0000000a     rts2800_ml.lib : exit.obj (.cinit)
                  003f6c88    00000002     --HOLE-- [fill = 0]

.econst    0    003f6c8a    00000100     
                  003f6c8a    00000100     DSP2803x_PieVect.obj (.econst)

csm_rsvd   0    003f7f80    00000076     
                  003f7f80    00000076     DSP2803x_CSMPasswords.obj (csm_rsvd)

codestart 
*          0    003f7ff6    00000002     
                  003f7ff6    00000002     DSP2803x_CodeStartBranch.obj (codestart)

csmpasswds 
*          0    003f7ff8    00000008     
                  003f7ff8    00000008     DSP2803x_CSMPasswords.obj (csmpasswds)

.reset     0    003fffc0    00000002     DSECT
                  003fffc0    00000002     rts2800_ml.lib : boot.obj (.reset)

vectors    0    003fffc2    00000000     DSECT

.stack     1    00000050    00000300     UNINITIALIZED
                  00000050    00000300     --HOLE--

DevEmuRegsFile 
*          1    00000880    00000004     UNINITIALIZED
                  00000880    00000004     DSP2803x_GlobalVariableDefs.obj (DevEmuRegsFile)

SysPwrCtrlRegsFile 
*          1    00000985    00000003     UNINITIALIZED
                  00000985    00000003     DSP2803x_GlobalVariableDefs.obj (SysPwrCtrlRegsFile)

FlashRegsFile 
*          1    00000a80    00000008     UNINITIALIZED
                  00000a80    00000008     DSP2803x_GlobalVariableDefs.obj (FlashRegsFile)

CsmRegsFile 
*          1    00000ae0    00000010     UNINITIALIZED
                  00000ae0    00000010     DSP2803x_GlobalVariableDefs.obj (CsmRegsFile)

AdcResultFile 
*          1    00000b00    00000020     UNINITIALIZED
                  00000b00    00000020     DSP2803x_GlobalVariableDefs.obj (AdcResultFile)

CpuTimer0RegsFile 
*          1    00000c00    00000008     UNINITIALIZED
                  00000c00    00000008     DSP2803x_GlobalVariableDefs.obj (CpuTimer0RegsFile)

CpuTimer1RegsFile 
*          1    00000c08    00000008     UNINITIALIZED
                  00000c08    00000008     DSP2803x_GlobalVariableDefs.obj (CpuTimer1RegsFile)

CpuTimer2RegsFile 
*          1    00000c10    00000008     UNINITIALIZED
                  00000c10    00000008     DSP2803x_GlobalVariableDefs.obj (CpuTimer2RegsFile)

PieCtrlRegsFile 
*          1    00000ce0    0000001a     UNINITIALIZED
                  00000ce0    0000001a     DSP2803x_GlobalVariableDefs.obj (PieCtrlRegsFile)

PieVectTableFile 
*          1    00000d00    00000100     UNINITIALIZED
                  00000d00    00000100     DSP2803x_GlobalVariableDefs.obj (PieVectTableFile)

EmuKeyVar 
*          1    00000d00    00000001     UNINITIALIZED
                  00000d00    00000001     DSP2803x_GlobalVariableDefs.obj (EmuKeyVar)

EmuBModeVar 
*          1    00000d01    00000001     UNINITIALIZED
                  00000d01    00000001     DSP2803x_GlobalVariableDefs.obj (EmuBModeVar)

FlashCallbackVar 
*          1    00000d02    00000002     UNINITIALIZED
                  00000d02    00000002     DSP2803x_GlobalVariableDefs.obj (FlashCallbackVar)

FlashScalingVar 
*          1    00000d04    00000002     UNINITIALIZED
                  00000d04    00000002     DSP2803x_GlobalVariableDefs.obj (FlashScalingVar)

Cla1RegsFile 
*          1    00001400    00000040     UNINITIALIZED
                  00001400    00000040     DSP2803x_GlobalVariableDefs.obj (Cla1RegsFile)

ECanaRegsFile 
*          1    00006000    00000034     UNINITIALIZED
                  00006000    00000034     DSP2803x_GlobalVariableDefs.obj (ECanaRegsFile)

ECanaLAMRegsFile 
*          1    00006040    00000040     UNINITIALIZED
                  00006040    00000040     DSP2803x_GlobalVariableDefs.obj (ECanaLAMRegsFile)

ECanaMOTSRegsFile 
*          1    00006080    00000040     UNINITIALIZED
                  00006080    00000040     DSP2803x_GlobalVariableDefs.obj (ECanaMOTSRegsFile)

ECanaMOTORegsFile 
*          1    000060c0    00000040     UNINITIALIZED
                  000060c0    00000040     DSP2803x_GlobalVariableDefs.obj (ECanaMOTORegsFile)

ECanaMboxesFile 
*          1    00006100    00000100     UNINITIALIZED
                  00006100    00000100     DSP2803x_GlobalVariableDefs.obj (ECanaMboxesFile)

Comp1RegsFile 
*          1    00006400    00000014     UNINITIALIZED
                  00006400    00000014     DSP2803x_GlobalVariableDefs.obj (Comp1RegsFile)

Comp2RegsFile 
*          1    00006420    00000014     UNINITIALIZED
                  00006420    00000014     DSP2803x_GlobalVariableDefs.obj (Comp2RegsFile)

Comp3RegsFile 
*          1    00006440    00000014     UNINITIALIZED
                  00006440    00000014     DSP2803x_GlobalVariableDefs.obj (Comp3RegsFile)

EPwm1RegsFile 
*          1    00006800    00000040     UNINITIALIZED
                  00006800    00000040     DSP2803x_GlobalVariableDefs.obj (EPwm1RegsFile)

EPwm2RegsFile 
*          1    00006840    00000040     UNINITIALIZED
                  00006840    00000040     DSP2803x_GlobalVariableDefs.obj (EPwm2RegsFile)

EPwm3RegsFile 
*          1    00006880    00000040     UNINITIALIZED
                  00006880    00000040     DSP2803x_GlobalVariableDefs.obj (EPwm3RegsFile)

EPwm4RegsFile 
*          1    000068c0    00000040     UNINITIALIZED
                  000068c0    00000040     DSP2803x_GlobalVariableDefs.obj (EPwm4RegsFile)

EPwm5RegsFile 
*          1    00006900    00000040     UNINITIALIZED
                  00006900    00000040     DSP2803x_GlobalVariableDefs.obj (EPwm5RegsFile)

EPwm6RegsFile 
*          1    00006940    00000040     UNINITIALIZED
                  00006940    00000040     DSP2803x_GlobalVariableDefs.obj (EPwm6RegsFile)

EPwm7RegsFile 
*          1    00006980    00000040     UNINITIALIZED
                  00006980    00000040     DSP2803x_GlobalVariableDefs.obj (EPwm7RegsFile)

ECap1RegsFile 
*          1    00006a00    00000020     UNINITIALIZED
                  00006a00    00000020     DSP2803x_GlobalVariableDefs.obj (ECap1RegsFile)

HRCap1RegsFile 
*          1    00006ac0    00000020     UNINITIALIZED
                  00006ac0    00000020     DSP2803x_GlobalVariableDefs.obj (HRCap1RegsFile)

HRCap2RegsFile 
*          1    00006ae0    00000020     UNINITIALIZED
                  00006ae0    00000020     DSP2803x_GlobalVariableDefs.obj (HRCap2RegsFile)

EQep1RegsFile 
*          1    00006b00    00000040     UNINITIALIZED
                  00006b00    00000040     DSP2803x_GlobalVariableDefs.obj (EQep1RegsFile)

LinaRegsFile 
*          1    00006c00    0000004a     UNINITIALIZED
                  00006c00    0000004a     DSP2803x_GlobalVariableDefs.obj (LinaRegsFile)

GpioCtrlRegsFile 
*          1    00006f80    00000040     UNINITIALIZED
                  00006f80    00000040     DSP2803x_GlobalVariableDefs.obj (GpioCtrlRegsFile)

GpioDataRegsFile 
*          1    00006fc0    00000020     UNINITIALIZED
                  00006fc0    00000020     DSP2803x_GlobalVariableDefs.obj (GpioDataRegsFile)

GpioIntRegsFile 
*          1    00006fe0    0000000c     UNINITIALIZED
                  00006fe0    0000000c     DSP2803x_GlobalVariableDefs.obj (GpioIntRegsFile)

SysCtrlRegsFile 
*          1    00007010    00000020     UNINITIALIZED
                  00007010    00000020     DSP2803x_GlobalVariableDefs.obj (SysCtrlRegsFile)

SpiaRegsFile 
*          1    00007040    00000010     UNINITIALIZED
                  00007040    00000010     DSP2803x_GlobalVariableDefs.obj (SpiaRegsFile)

SciaRegsFile 
*          1    00007050    00000010     UNINITIALIZED
                  00007050    00000010     DSP2803x_GlobalVariableDefs.obj (SciaRegsFile)

NmiIntruptRegsFile 
*          1    00007060    00000010     UNINITIALIZED
                  00007060    00000010     DSP2803x_GlobalVariableDefs.obj (NmiIntruptRegsFile)

XIntruptRegsFile 
*          1    00007070    00000010     UNINITIALIZED
                  00007070    00000010     DSP2803x_GlobalVariableDefs.obj (XIntruptRegsFile)

AdcRegsFile 
*          1    00007100    00000050     UNINITIALIZED
                  00007100    00000050     DSP2803x_GlobalVariableDefs.obj (AdcRegsFile)

SpibRegsFile 
*          1    00007740    00000010     UNINITIALIZED
                  00007740    00000010     DSP2803x_GlobalVariableDefs.obj (SpibRegsFile)

I2caRegsFile 
*          1    00007900    00000022     UNINITIALIZED
                  00007900    00000022     DSP2803x_GlobalVariableDefs.obj (I2caRegsFile)

.ebss      1    00009000    00000336     UNINITIALIZED
                  00009000    000002fe     DC_Motor.lib : model_DC.obj (.ebss)
                  000092fe    00000002     --HOLE--
                  00009300    00000018     DSP2803x_CpuTimers.obj (.ebss)
                  00009318    00000016     main.obj (.ebss)
                  0000932e    00000004     rts2800_ml.lib : _lock.obj (.ebss)
                  00009332    00000004                    : exit.obj (.ebss)

PartIdRegsFile 
*          1    003d7e80    00000001     UNINITIALIZED
                  003d7e80    00000001     DSP2803x_GlobalVariableDefs.obj (PartIdRegsFile)

CsmPwlFile 
*          1    003f7ff8    00000008     UNINITIALIZED
                  003f7ff8    00000008     DSP2803x_GlobalVariableDefs.obj (CsmPwlFile)


GLOBAL DATA SYMBOLS: SORTED BY DATA PAGE

address     data page           name
--------    ----------------    ----
00000050       1 (00000040)     __stack

00000880      22 (00000880)     _DevEmuRegs

00000985      26 (00000980)     _SysPwrCtrlRegs

00000a80      2a (00000a80)     _FlashRegs

00000ae0      2b (00000ac0)     _CsmRegs

00000b00      2c (00000b00)     _AdcResult

00000c00      30 (00000c00)     _CpuTimer0Regs
00000c08      30 (00000c00)     _CpuTimer1Regs
00000c10      30 (00000c00)     _CpuTimer2Regs

00000ce0      33 (00000cc0)     _PieCtrlRegs

00000d00      34 (00000d00)     _EmuKey
00000d00      34 (00000d00)     _PieVectTable
00000d01      34 (00000d00)     _EmuBMode
00000d02      34 (00000d00)     _Flash_CallbackPtr
00000d04      34 (00000d00)     _Flash_CPUScaleFactor

00001400      50 (00001400)     _Cla1Regs

00006000     180 (00006000)     _ECanaRegs

00006040     181 (00006040)     _ECanaLAMRegs

00006080     182 (00006080)     _ECanaMOTSRegs

000060c0     183 (000060c0)     _ECanaMOTORegs

00006100     184 (00006100)     _ECanaMboxes

00006400     190 (00006400)     _Comp1Regs
00006420     190 (00006400)     _Comp2Regs

00006440     191 (00006440)     _Comp3Regs

00006800     1a0 (00006800)     _EPwm1Regs

00006840     1a1 (00006840)     _EPwm2Regs

00006880     1a2 (00006880)     _EPwm3Regs

000068c0     1a3 (000068c0)     _EPwm4Regs

00006900     1a4 (00006900)     _EPwm5Regs

00006940     1a5 (00006940)     _EPwm6Regs

00006980     1a6 (00006980)     _EPwm7Regs

00006a00     1a8 (00006a00)     _ECap1Regs

00006ac0     1ab (00006ac0)     _HRCap1Regs
00006ae0     1ab (00006ac0)     _HRCap2Regs

00006b00     1ac (00006b00)     _EQep1Regs

00006c00     1b0 (00006c00)     _LinaRegs

00006f80     1be (00006f80)     _GpioCtrlRegs

00006fc0     1bf (00006fc0)     _GpioDataRegs
00006fe0     1bf (00006fc0)     _GpioIntRegs

00007010     1c0 (00007000)     _SysCtrlRegs

00007040     1c1 (00007040)     _SpiaRegs
00007050     1c1 (00007040)     _SciaRegs
00007060     1c1 (00007040)     _NmiIntruptRegs
00007070     1c1 (00007040)     _XIntruptRegs

00007100     1c4 (00007100)     _AdcRegs

00007740     1dd (00007740)     _SpibRegs

00007900     1e4 (00007900)     _I2caRegs

00009000     240 (00009000)     _g_seed
00009002     240 (00009000)     _dcm_sk
00009016     240 (00009000)     _dcm_ls
0000902a     240 (00009000)     _dcm_rs

00009040     241 (00009040)     _dcm_rr
00009054     241 (00009040)     _dcm_kkf

00009080     242 (00009080)     _all_N

000090c0     243 (000090c0)     _all_qep

00009140     245 (00009140)     _all_R

000091c0     247 (000091c0)     _all_j

00009240     249 (00009240)     _motor

00009300     24c (00009300)     _CpuTimer2
00009308     24c (00009300)     _CpuTimer1
00009310     24c (00009300)     _CpuTimer0
00009318     24c (00009300)     _drive
0000932e     24c (00009300)     __unlock
00009330     24c (00009300)     __lock
00009332     24c (00009300)     ___TI_cleanup_ptr
00009334     24c (00009300)     ___TI_dtors_ptr

003d7e80    f5fa (003d7e80)     _PartIdRegs

003f6c8a    fdb2 (003f6c80)     _PieVectTableInit

003f7ff8    fdff (003f7fc0)     _CsmPwl


GLOBAL SYMBOLS: SORTED ALPHABETICALLY BY Name 

address    name
--------   ----
003f6000   .text
003f6a24   C$$EXIT
003f67d5   FS$$ADD
003f6a3d   FS$$CMP
003f674d   FS$$DIV
003f6848   FS$$MPY
003f6a87   FS$$NEG
003f67d0   FS$$SUB
003f693f   FS$$TOL
003f69d4   FS$$TOU
003f69f1   I$$TOFS
003f6605   _ADCINT1_ISR
003f65ff   _ADCINT2_ISR
003f65f9   _ADCINT3_ISR
003f65f3   _ADCINT4_ISR
003f65ed   _ADCINT5_ISR
003f65e7   _ADCINT6_ISR
003f65e1   _ADCINT7_ISR
003f65db   _ADCINT8_ISR
003f65d5   _ADCINT9_ISR
00007100   _AdcRegs
00000b00   _AdcResult
003f65cf   _CLA1_INT1_ISR
003f65c9   _CLA1_INT2_ISR
003f65c3   _CLA1_INT3_ISR
003f65bd   _CLA1_INT4_ISR
003f65b7   _CLA1_INT5_ISR
003f65b1   _CLA1_INT6_ISR
003f65ab   _CLA1_INT7_ISR
003f65a5   _CLA1_INT8_ISR
00001400   _Cla1Regs
00006400   _Comp1Regs
00006420   _Comp2Regs
00006440   _Comp3Regs
00009310   _CpuTimer0
00000c00   _CpuTimer0Regs
00009308   _CpuTimer1
00000c08   _CpuTimer1Regs
00009300   _CpuTimer2
00000c10   _CpuTimer2Regs
003f7ff8   _CsmPwl
00000ae0   _CsmRegs
003f671f   _CsmUnlock
003f659f   _DATALOG_ISR
003f6a80   _DSP28x_DisableInt
003f6a84   _DSP28x_RestoreInt
0000801d   _DSP28x_usDelay
00000880   _DevEmuRegs
003f6654   _DisableDog
003f6599   _ECAN0INTA_ISR
003f6593   _ECAN1INTA_ISR
003f658d   _ECAP1_INT_ISR
00006040   _ECanaLAMRegs
000060c0   _ECanaMOTORegs
00006080   _ECanaMOTSRegs
00006100   _ECanaMboxes
00006000   _ECanaRegs
00006a00   _ECap1Regs
003f6588   _EMPTY_ISR
003f6582   _EMUINT_ISR
003f657c   _EPWM1_INT_ISR
003f6576   _EPWM1_TZINT_ISR
003f6570   _EPWM2_INT_ISR
003f656a   _EPWM2_TZINT_ISR
003f6564   _EPWM3_INT_ISR
003f655e   _EPWM3_TZINT_ISR
003f6558   _EPWM4_INT_ISR
003f6552   _EPWM4_TZINT_ISR
003f654c   _EPWM5_INT_ISR
003f6546   _EPWM5_TZINT_ISR
003f6540   _EPWM6_INT_ISR
003f653a   _EPWM6_TZINT_ISR
003f6534   _EPWM7_INT_ISR
003f652e   _EPWM7_TZINT_ISR
00006800   _EPwm1Regs
00006840   _EPwm2Regs
00006880   _EPwm3Regs
000068c0   _EPwm4Regs
00006900   _EPwm5Regs
00006940   _EPwm6Regs
00006980   _EPwm7Regs
003f6528   _EQEP1_INT_ISR
00006b00   _EQep1Regs
00000d01   _EmuBMode
00000d00   _EmuKey
003f6987   _EnableInterrupts
003f6707   _ExtOscSel
00000a80   _FlashRegs
00000d04   _Flash_CPUScaleFactor
00000d02   _Flash_CallbackPtr
00006f80   _GpioCtrlRegs
00006fc0   _GpioDataRegs
00006fe0   _GpioIntRegs
003f6522   _HRCAP1_INT_ISR
003f651c   _HRCAP2_INT_ISR
00006ac0   _HRCap1Regs
00006ae0   _HRCap2Regs
003f6516   _I2CINT1A_ISR
003f6510   _I2CINT2A_ISR
00007900   _I2caRegs
003f650a   _ILLEGAL_ISR
003f6504   _INT13_ISR
003f64fe   _INT14_ISR
00008000   _InitFlash
003f6a54   _InitGpio
003f66aa   _InitPeripheralClocks
003f6968   _InitPieCtrl
003f6a67   _InitPieVectTable
003f665c   _InitPll
003f66ef   _InitSysCtrl
003f6644   _IntOsc1Sel
003f6630   _IntOsc2Sel
003f64f8   _LIN0INTA_ISR
003f64f2   _LIN1INTA_ISR
003f64ec   _LUF_ISR
003f64e6   _LVF_ISR
00006c00   _LinaRegs
003f6253   _Model_Execute
003f6000   _Model_Init
003f64e0   _NMI_ISR
00007060   _NmiIntruptRegs
003f64da   _PIE_RESERVED
003d7e80   _PartIdRegs
00000ce0   _PieCtrlRegs
00000d00   _PieVectTable
003f6c8a   _PieVectTableInit
003f64d4   _RTOSINT_ISR
003f0021   _RamfuncsLoadEnd
003f0000   _RamfuncsLoadStart
00008000   _RamfuncsRunStart
003f64ce   _SCIRXINTA_ISR
003f64c8   _SCITXINTA_ISR
003f64c2   _SPIRXINTA_ISR
003f64bc   _SPIRXINTB_ISR
003f64b6   _SPITXINTA_ISR
003f64b0   _SPITXINTB_ISR
00007050   _SciaRegs
003f6626   _ServiceDog
003f6a8c   _SetDBGIER
00007040   _SpiaRegs
00007740   _SpibRegs
00007010   _SysCtrlRegs
00000985   _SysPwrCtrlRegs
003f64aa   _TINT0_ISR
003f64a4   _USER10_ISR
003f649e   _USER11_ISR
003f6498   _USER12_ISR
003f6492   _USER1_ISR
003f648c   _USER2_ISR
003f6486   _USER3_ISR
003f6480   _USER4_ISR
003f647a   _USER5_ISR
003f6474   _USER6_ISR
003f646e   _USER7_ISR
003f6468   _USER8_ISR
003f6462   _USER9_ISR
003f645c   _WAKEINT_ISR
003f6456   _XINT1_ISR
003f6450   _XINT2_ISR
003f644a   _XINT3_ISR
00007070   _XIntruptRegs
003f660b   _XtalOscSel
00000350   __STACK_END
00000300   __STACK_SIZE
00000001   __TI_args_main
00009332   ___TI_cleanup_ptr
00009334   ___TI_dtors_ptr
ffffffff   ___binit__
ffffffff   ___c_args__
003f6a90   ___cinit__
003f6a90   ___etext__
003f69b3   ___memcpy_ff
ffffffff   ___pinit__
003f6000   ___text__
003f6a0b   __args_main
00009330   __lock
003f6a8f   __nop
00000050   __stack
0000932e   __unlock
003f6a24   _abort
00009080   _all_N
00009140   _all_R
000091c0   _all_j
000090c0   _all_qep
003f68fb   _c_int00
003f6193   _calcU42Phase
003f6990   _controlIsr
003f68f5   _controlSystem
00009054   _dcm_kkf
00009016   _dcm_ls
00009040   _dcm_rr
0000902a   _dcm_rs
00009002   _dcm_sk
00009318   _drive
003f6a26   _exit
00009000   _g_seed
003f68a2   _main
00009240   _motor
003f6444   _rsvd_ISR
ffffffff   binit
003f6a90   cinit
003f7ff6   code_start
003f6a90   etext
ffffffff   pinit


GLOBAL SYMBOLS: SORTED BY Symbol Address 

address    name
--------   ----
00000001   __TI_args_main
00000050   __stack
00000300   __STACK_SIZE
00000350   __STACK_END
00000880   _DevEmuRegs
00000985   _SysPwrCtrlRegs
00000a80   _FlashRegs
00000ae0   _CsmRegs
00000b00   _AdcResult
00000c00   _CpuTimer0Regs
00000c08   _CpuTimer1Regs
00000c10   _CpuTimer2Regs
00000ce0   _PieCtrlRegs
00000d00   _EmuKey
00000d00   _PieVectTable
00000d01   _EmuBMode
00000d02   _Flash_CallbackPtr
00000d04   _Flash_CPUScaleFactor
00001400   _Cla1Regs
00006000   _ECanaRegs
00006040   _ECanaLAMRegs
00006080   _ECanaMOTSRegs
000060c0   _ECanaMOTORegs
00006100   _ECanaMboxes
00006400   _Comp1Regs
00006420   _Comp2Regs
00006440   _Comp3Regs
00006800   _EPwm1Regs
00006840   _EPwm2Regs
00006880   _EPwm3Regs
000068c0   _EPwm4Regs
00006900   _EPwm5Regs
00006940   _EPwm6Regs
00006980   _EPwm7Regs
00006a00   _ECap1Regs
00006ac0   _HRCap1Regs
00006ae0   _HRCap2Regs
00006b00   _EQep1Regs
00006c00   _LinaRegs
00006f80   _GpioCtrlRegs
00006fc0   _GpioDataRegs
00006fe0   _GpioIntRegs
00007010   _SysCtrlRegs
00007040   _SpiaRegs
00007050   _SciaRegs
00007060   _NmiIntruptRegs
00007070   _XIntruptRegs
00007100   _AdcRegs
00007740   _SpibRegs
00007900   _I2caRegs
00008000   _InitFlash
00008000   _RamfuncsRunStart
0000801d   _DSP28x_usDelay
00009000   _g_seed
00009002   _dcm_sk
00009016   _dcm_ls
0000902a   _dcm_rs
00009040   _dcm_rr
00009054   _dcm_kkf
00009080   _all_N
000090c0   _all_qep
00009140   _all_R
000091c0   _all_j
00009240   _motor
00009300   _CpuTimer2
00009308   _CpuTimer1
00009310   _CpuTimer0
00009318   _drive
0000932e   __unlock
00009330   __lock
00009332   ___TI_cleanup_ptr
00009334   ___TI_dtors_ptr
003d7e80   _PartIdRegs
003f0000   _RamfuncsLoadStart
003f0021   _RamfuncsLoadEnd
003f6000   .text
003f6000   _Model_Init
003f6000   ___text__
003f6193   _calcU42Phase
003f6253   _Model_Execute
003f6444   _rsvd_ISR
003f644a   _XINT3_ISR
003f6450   _XINT2_ISR
003f6456   _XINT1_ISR
003f645c   _WAKEINT_ISR
003f6462   _USER9_ISR
003f6468   _USER8_ISR
003f646e   _USER7_ISR
003f6474   _USER6_ISR
003f647a   _USER5_ISR
003f6480   _USER4_ISR
003f6486   _USER3_ISR
003f648c   _USER2_ISR
003f6492   _USER1_ISR
003f6498   _USER12_ISR
003f649e   _USER11_ISR
003f64a4   _USER10_ISR
003f64aa   _TINT0_ISR
003f64b0   _SPITXINTB_ISR
003f64b6   _SPITXINTA_ISR
003f64bc   _SPIRXINTB_ISR
003f64c2   _SPIRXINTA_ISR
003f64c8   _SCITXINTA_ISR
003f64ce   _SCIRXINTA_ISR
003f64d4   _RTOSINT_ISR
003f64da   _PIE_RESERVED
003f64e0   _NMI_ISR
003f64e6   _LVF_ISR
003f64ec   _LUF_ISR
003f64f2   _LIN1INTA_ISR
003f64f8   _LIN0INTA_ISR
003f64fe   _INT14_ISR
003f6504   _INT13_ISR
003f650a   _ILLEGAL_ISR
003f6510   _I2CINT2A_ISR
003f6516   _I2CINT1A_ISR
003f651c   _HRCAP2_INT_ISR
003f6522   _HRCAP1_INT_ISR
003f6528   _EQEP1_INT_ISR
003f652e   _EPWM7_TZINT_ISR
003f6534   _EPWM7_INT_ISR
003f653a   _EPWM6_TZINT_ISR
003f6540   _EPWM6_INT_ISR
003f6546   _EPWM5_TZINT_ISR
003f654c   _EPWM5_INT_ISR
003f6552   _EPWM4_TZINT_ISR
003f6558   _EPWM4_INT_ISR
003f655e   _EPWM3_TZINT_ISR
003f6564   _EPWM3_INT_ISR
003f656a   _EPWM2_TZINT_ISR
003f6570   _EPWM2_INT_ISR
003f6576   _EPWM1_TZINT_ISR
003f657c   _EPWM1_INT_ISR
003f6582   _EMUINT_ISR
003f6588   _EMPTY_ISR
003f658d   _ECAP1_INT_ISR
003f6593   _ECAN1INTA_ISR
003f6599   _ECAN0INTA_ISR
003f659f   _DATALOG_ISR
003f65a5   _CLA1_INT8_ISR
003f65ab   _CLA1_INT7_ISR
003f65b1   _CLA1_INT6_ISR
003f65b7   _CLA1_INT5_ISR
003f65bd   _CLA1_INT4_ISR
003f65c3   _CLA1_INT3_ISR
003f65c9   _CLA1_INT2_ISR
003f65cf   _CLA1_INT1_ISR
003f65d5   _ADCINT9_ISR
003f65db   _ADCINT8_ISR
003f65e1   _ADCINT7_ISR
003f65e7   _ADCINT6_ISR
003f65ed   _ADCINT5_ISR
003f65f3   _ADCINT4_ISR
003f65f9   _ADCINT3_ISR
003f65ff   _ADCINT2_ISR
003f6605   _ADCINT1_ISR
003f660b   _XtalOscSel
003f6626   _ServiceDog
003f6630   _IntOsc2Sel
003f6644   _IntOsc1Sel
003f6654   _DisableDog
003f665c   _InitPll
003f66aa   _InitPeripheralClocks
003f66ef   _InitSysCtrl
003f6707   _ExtOscSel
003f671f   _CsmUnlock
003f674d   FS$$DIV
003f67d0   FS$$SUB
003f67d5   FS$$ADD
003f6848   FS$$MPY
003f68a2   _main
003f68f5   _controlSystem
003f68fb   _c_int00
003f693f   FS$$TOL
003f6968   _InitPieCtrl
003f6987   _EnableInterrupts
003f6990   _controlIsr
003f69b3   ___memcpy_ff
003f69d4   FS$$TOU
003f69f1   I$$TOFS
003f6a0b   __args_main
003f6a24   C$$EXIT
003f6a24   _abort
003f6a26   _exit
003f6a3d   FS$$CMP
003f6a54   _InitGpio
003f6a67   _InitPieVectTable
003f6a80   _DSP28x_DisableInt
003f6a84   _DSP28x_RestoreInt
003f6a87   FS$$NEG
003f6a8c   _SetDBGIER
003f6a8f   __nop
003f6a90   ___cinit__
003f6a90   ___etext__
003f6a90   cinit
003f6a90   etext
003f6c8a   _PieVectTableInit
003f7ff6   code_start
003f7ff8   _CsmPwl
ffffffff   ___binit__
ffffffff   ___c_args__
ffffffff   ___pinit__
ffffffff   binit
ffffffff   pinit

[204 symbols]
